// Jest Snapshot v1, https://goo.gl/fbAQLP

exports[`Search Component Renders Correctly renders correctly 1`] = `ShallowWrapper {}`;

exports[`Search Component renders correctly 1`] = `ShallowWrapper {}`;

exports[`renders correctly 1`] = `ShallowWrapper {}`;
